// Jest Snapshot v1, https://goo.gl/fbAQLP

exports[`ButtonNavbarIcon should render correctly 1`] = `
<DocumentFragment>
  <button
    class="sc-AxjAm iaTDms"
    data-testid="button-navbar-icon"
  />
</DocumentFragment>
`;
