// Jest Snapshot v1, https://goo.gl/fbAQLP

exports[`InputTextField Component should render correctly 1`] = `
<DocumentFragment>
  <input
    class="sc-AxjAm kuGIAZ"
    data-testid="input-text-field"
    placeholder=""
    value=""
  />
</DocumentFragment>
`;
