// Jest Snapshot v1, https://goo.gl/fbAQLP

exports[`MessageDate Feature Component should render correctly 1`] = `
<DocumentFragment>
  <div
    class="sc-AxjAm fTbzEh"
  >
    Today
  </div>
</DocumentFragment>
`;
